../Drivers/CMSIS/Include/core_cm3.h:1480:22:__NVIC_SetPriorityGrouping	1
../Drivers/STM32F1xx_HAL_Driver/Inc/stm32f1xx_ll_rcc.h:838:22:LL_RCC_HSI_Enable	1
../Drivers/STM32F1xx_HAL_Driver/Inc/stm32f1xx_ll_rcc.h:858:26:LL_RCC_HSI_IsReady	1
../Drivers/STM32F1xx_HAL_Driver/Inc/stm32f1xx_ll_rcc.h:884:22:LL_RCC_HSI_SetCalibTrimming	1
../Drivers/STM32F1xx_HAL_Driver/Inc/stm32f1xx_ll_rcc.h:1012:22:LL_RCC_SetSysClkSource	1
../Drivers/STM32F1xx_HAL_Driver/Inc/stm32f1xx_ll_rcc.h:1025:26:LL_RCC_GetSysClkSource	1
../Drivers/STM32F1xx_HAL_Driver/Inc/stm32f1xx_ll_rcc.h:1045:22:LL_RCC_SetAHBPrescaler	1
../Drivers/STM32F1xx_HAL_Driver/Inc/stm32f1xx_ll_rcc.h:1061:22:LL_RCC_SetAPB1Prescaler	1
../Drivers/STM32F1xx_HAL_Driver/Inc/stm32f1xx_ll_rcc.h:1077:22:LL_RCC_SetAPB2Prescaler	1
../Drivers/STM32F1xx_HAL_Driver/Inc/stm32f1xx_ll_rcc.h:1385:22:LL_RCC_PLL_Enable	1
../Drivers/STM32F1xx_HAL_Driver/Inc/stm32f1xx_ll_rcc.h:1406:26:LL_RCC_PLL_IsReady	1
../Drivers/STM32F1xx_HAL_Driver/Inc/stm32f1xx_ll_rcc.h:1475:22:LL_RCC_PLL_ConfigDomain_SYS	1
../Drivers/STM32F1xx_HAL_Driver/Inc/stm32f1xx_ll_bus.h:445:22:LL_APB1_GRP1_EnableClock	1
../Drivers/STM32F1xx_HAL_Driver/Inc/stm32f1xx_ll_bus.h:761:22:LL_APB2_GRP1_EnableClock	1
../Drivers/STM32F1xx_HAL_Driver/Inc/stm32f1xx_ll_system.h:471:22:LL_FLASH_SetLatency	1
../Drivers/STM32F1xx_HAL_Driver/Inc/stm32f1xx_ll_system.h:484:26:LL_FLASH_GetLatency	1
../Drivers/STM32F1xx_HAL_Driver/Inc/stm32f1xx_ll_tim.h:1054:22:LL_TIM_EnableCounter	1
../Drivers/STM32F1xx_HAL_Driver/Inc/stm32f1xx_ll_tim.h:1065:22:LL_TIM_DisableCounter	1
../Drivers/STM32F1xx_HAL_Driver/Inc/stm32f1xx_ll_tim.h:1245:22:LL_TIM_DisableARRPreload	1
../Drivers/STM32F1xx_HAL_Driver/Inc/stm32f1xx_ll_tim.h:2572:22:LL_TIM_SetClockSource	1
../Drivers/STM32F1xx_HAL_Driver/Inc/stm32f1xx_ll_tim.h:2618:22:LL_TIM_SetTriggerOutput	1
../Drivers/STM32F1xx_HAL_Driver/Inc/stm32f1xx_ll_tim.h:2684:22:LL_TIM_DisableMasterSlaveMode	1
../Drivers/STM32F1xx_HAL_Driver/Inc/stm32f1xx_ll_usart.h:412:22:LL_USART_Enable	1
../Drivers/STM32F1xx_HAL_Driver/Inc/stm32f1xx_ll_usart.h:1527:22:LL_USART_ConfigAsyncMode	1
../Drivers/STM32F1xx_HAL_Driver/Inc/stm32f1xx_ll_usart.h:1862:26:LL_USART_IsActiveFlag_TXE	1
../Drivers/STM32F1xx_HAL_Driver/Inc/stm32f1xx_ll_usart.h:2474:22:LL_USART_TransmitData8	1
../Drivers/STM32F1xx_HAL_Driver/Inc/stm32f1xx_ll_gpio.h:803:22:LL_GPIO_SetOutputPin	1
../Drivers/STM32F1xx_HAL_Driver/Inc/stm32f1xx_ll_gpio.h:832:22:LL_GPIO_ResetOutputPin	1
../Drivers/STM32F1xx_HAL_Driver/Inc/stm32f1xx_ll_gpio.h:1562:22:LL_GPIO_AF_Remap_SWJ_NOJTAG	1
../Core/Src/main.c:83:5:main	1
../Core/Src/main.c:216:6:SystemClock_Config	5
../Core/Src/main.c:257:13:MX_TIM2_Init	1
../Core/Src/main.c:292:13:MX_USART2_UART_Init	1
../Core/Src/main.c:345:13:MX_GPIO_Init	1
../Core/Src/main.c:392:6:led_blink_example_code	1
../Core/Src/main.c:403:6:UART2_TX_string	3
../Core/Src/main.c:412:6:led_serial_in_parallel_out_example_1	1
../Core/Src/main.c:446:6:write_serial_in_parallel_out_register_plus	17
../Core/Src/main.c:635:6:write_serial_in_parallel_out_register_minus	17
../Core/Src/main.c:875:6:write_serial_in_parallel_out_register_minus_yellow	17
../Core/Src/main.c:1064:6:write_serial_in_parallel_out_register_minus_red	17
../Core/Src/main.c:1254:15:rowToBinary	2
../Core/Src/main.c:1265:20:delay_us	2
../Core/Src/main.c:1290:6:heart_example_1	1
../Core/Src/main.c:1326:6:heart_example_2	1
../Core/Src/main.c:1358:6:heart_example_3	1
../Core/Src/main.c:1390:6:heart_example_4	1
../Core/Src/main.c:1433:6:Error_Handler	1
