Archive member included to satisfy reference by file (symbol)

C:/ST/STM32CubeIDE_1.14.0/STM32CubeIDE/plugins/com.st.stm32cube.ide.mcu.externaltools.gnu-tools-for-stm32.11.3.rel1.win32_1.1.100.202309141235/tools/bin/../lib/gcc/arm-none-eabi/11.3.1/../../../../arm-none-eabi/lib/thumb/v7-m/nofp\libc_nano.a(libc_a-exit.o)
                              C:/ST/STM32CubeIDE_1.14.0/STM32CubeIDE/plugins/com.st.stm32cube.ide.mcu.externaltools.gnu-tools-for-stm32.11.3.rel1.win32_1.1.100.202309141235/tools/bin/../lib/gcc/arm-none-eabi/11.3.1/../../../../arm-none-eabi/lib/thumb/v7-m/nofp/crt0.o (exit)
C:/ST/STM32CubeIDE_1.14.0/STM32CubeIDE/plugins/com.st.stm32cube.ide.mcu.externaltools.gnu-tools-for-stm32.11.3.rel1.win32_1.1.100.202309141235/tools/bin/../lib/gcc/arm-none-eabi/11.3.1/../../../../arm-none-eabi/lib/thumb/v7-m/nofp\libc_nano.a(libc_a-findfp.o)
                              C:/ST/STM32CubeIDE_1.14.0/STM32CubeIDE/plugins/com.st.stm32cube.ide.mcu.externaltools.gnu-tools-for-stm32.11.3.rel1.win32_1.1.100.202309141235/tools/bin/../lib/gcc/arm-none-eabi/11.3.1/../../../../arm-none-eabi/lib/thumb/v7-m/nofp\libc_nano.a(libc_a-exit.o) (__stdio_exit_handler)
C:/ST/STM32CubeIDE_1.14.0/STM32CubeIDE/plugins/com.st.stm32cube.ide.mcu.externaltools.gnu-tools-for-stm32.11.3.rel1.win32_1.1.100.202309141235/tools/bin/../lib/gcc/arm-none-eabi/11.3.1/../../../../arm-none-eabi/lib/thumb/v7-m/nofp\libc_nano.a(libc_a-fwalk.o)
                              C:/ST/STM32CubeIDE_1.14.0/STM32CubeIDE/plugins/com.st.stm32cube.ide.mcu.externaltools.gnu-tools-for-stm32.11.3.rel1.win32_1.1.100.202309141235/tools/bin/../lib/gcc/arm-none-eabi/11.3.1/../../../../arm-none-eabi/lib/thumb/v7-m/nofp\libc_nano.a(libc_a-findfp.o) (_fwalk_sglue)
C:/ST/STM32CubeIDE_1.14.0/STM32CubeIDE/plugins/com.st.stm32cube.ide.mcu.externaltools.gnu-tools-for-stm32.11.3.rel1.win32_1.1.100.202309141235/tools/bin/../lib/gcc/arm-none-eabi/11.3.1/../../../../arm-none-eabi/lib/thumb/v7-m/nofp\libc_nano.a(libc_a-stdio.o)
                              C:/ST/STM32CubeIDE_1.14.0/STM32CubeIDE/plugins/com.st.stm32cube.ide.mcu.externaltools.gnu-tools-for-stm32.11.3.rel1.win32_1.1.100.202309141235/tools/bin/../lib/gcc/arm-none-eabi/11.3.1/../../../../arm-none-eabi/lib/thumb/v7-m/nofp\libc_nano.a(libc_a-findfp.o) (__sread)
C:/ST/STM32CubeIDE_1.14.0/STM32CubeIDE/plugins/com.st.stm32cube.ide.mcu.externaltools.gnu-tools-for-stm32.11.3.rel1.win32_1.1.100.202309141235/tools/bin/../lib/gcc/arm-none-eabi/11.3.1/../../../../arm-none-eabi/lib/thumb/v7-m/nofp\libc_nano.a(libc_a-memset.o)
                              C:/ST/STM32CubeIDE_1.14.0/STM32CubeIDE/plugins/com.st.stm32cube.ide.mcu.externaltools.gnu-tools-for-stm32.11.3.rel1.win32_1.1.100.202309141235/tools/bin/../lib/gcc/arm-none-eabi/11.3.1/../../../../arm-none-eabi/lib/thumb/v7-m/nofp/crt0.o (memset)
C:/ST/STM32CubeIDE_1.14.0/STM32CubeIDE/plugins/com.st.stm32cube.ide.mcu.externaltools.gnu-tools-for-stm32.11.3.rel1.win32_1.1.100.202309141235/tools/bin/../lib/gcc/arm-none-eabi/11.3.1/../../../../arm-none-eabi/lib/thumb/v7-m/nofp\libc_nano.a(libc_a-closer.o)
                              C:/ST/STM32CubeIDE_1.14.0/STM32CubeIDE/plugins/com.st.stm32cube.ide.mcu.externaltools.gnu-tools-for-stm32.11.3.rel1.win32_1.1.100.202309141235/tools/bin/../lib/gcc/arm-none-eabi/11.3.1/../../../../arm-none-eabi/lib/thumb/v7-m/nofp\libc_nano.a(libc_a-stdio.o) (_close_r)
C:/ST/STM32CubeIDE_1.14.0/STM32CubeIDE/plugins/com.st.stm32cube.ide.mcu.externaltools.gnu-tools-for-stm32.11.3.rel1.win32_1.1.100.202309141235/tools/bin/../lib/gcc/arm-none-eabi/11.3.1/../../../../arm-none-eabi/lib/thumb/v7-m/nofp\libc_nano.a(libc_a-reent.o)
                              C:/ST/STM32CubeIDE_1.14.0/STM32CubeIDE/plugins/com.st.stm32cube.ide.mcu.externaltools.gnu-tools-for-stm32.11.3.rel1.win32_1.1.100.202309141235/tools/bin/../lib/gcc/arm-none-eabi/11.3.1/../../../../arm-none-eabi/lib/thumb/v7-m/nofp\libc_nano.a(libc_a-closer.o) (errno)
C:/ST/STM32CubeIDE_1.14.0/STM32CubeIDE/plugins/com.st.stm32cube.ide.mcu.externaltools.gnu-tools-for-stm32.11.3.rel1.win32_1.1.100.202309141235/tools/bin/../lib/gcc/arm-none-eabi/11.3.1/../../../../arm-none-eabi/lib/thumb/v7-m/nofp\libc_nano.a(libc_a-impure.o)
                              C:/ST/STM32CubeIDE_1.14.0/STM32CubeIDE/plugins/com.st.stm32cube.ide.mcu.externaltools.gnu-tools-for-stm32.11.3.rel1.win32_1.1.100.202309141235/tools/bin/../lib/gcc/arm-none-eabi/11.3.1/../../../../arm-none-eabi/lib/thumb/v7-m/nofp\libc_nano.a(libc_a-reent.o) (_impure_ptr)
C:/ST/STM32CubeIDE_1.14.0/STM32CubeIDE/plugins/com.st.stm32cube.ide.mcu.externaltools.gnu-tools-for-stm32.11.3.rel1.win32_1.1.100.202309141235/tools/bin/../lib/gcc/arm-none-eabi/11.3.1/../../../../arm-none-eabi/lib/thumb/v7-m/nofp\libc_nano.a(libc_a-lseekr.o)
[...]
Memory Configuration

Name             Origin             Length             Attributes
RAM              0x0000000020000000 0x0000000000005000 xrw
FLASH            0x0000000008000000 0x0000000000020000 xr
*default*        0x0000000000000000 0xffffffffffffffff

Linker script and memory map

LOAD C:/ST/STM32CubeIDE_1.14.0/STM32CubeIDE/plugins/com.st.stm32cube.ide.mcu.externaltools.gnu-tools-for-stm32.11.3.rel1.win32_1.1.100.202309141235/tools/bin/../lib/gcc/arm-none-eabi/11.3.1/thumb/v7-m/nofp/crti.o
LOAD C:/ST/STM32CubeIDE_1.14.0/STM32CubeIDE/plugins/com.st.stm32cube.ide.mcu.externaltools.gnu-tools-for-stm32.11.3.rel1.win32_1.1.100.202309141235/tools/bin/../lib/gcc/arm-none-eabi/11.3.1/thumb/v7-m/nofp/crtbegin.o
LOAD C:/ST/STM32CubeIDE_1.14.0/STM32CubeIDE/plugins/com.st.stm32cube.ide.mcu.externaltools.gnu-tools-for-stm32.11.3.rel1.win32_1.1.100.202309141235/tools/bin/../lib/gcc/arm-none-eabi/11.3.1/../../../../arm-none-eabi/lib/thumb/v7-m/nofp/crt0.o
LOAD ./Core/Src/main.o
LOAD ./Core/Src/stm32f1xx_it.o
LOAD ./Core/Src/syscalls.o
LOAD ./Core/Src/sysmem.o
LOAD ./Core/Src/system_stm32f1xx.o
LOAD ./Core/Startup/startup_stm32f103rbtx.o
LOAD ./Drivers/STM32F1xx_HAL_Driver/Src/stm32f1xx_ll_dma.o
LOAD ./Drivers/STM32F1xx_HAL_Driver/Src/stm32f1xx_ll_exti.o
LOAD ./Drivers/STM32F1xx_HAL_Driver/Src/stm32f1xx_ll_gpio.o
LOAD ./Drivers/STM32F1xx_HAL_Driver/Src/stm32f1xx_ll_pwr.o
LOAD ./Drivers/STM32F1xx_HAL_Driver/Src/stm32f1xx_ll_rcc.o
LOAD ./Drivers/STM32F1xx_HAL_Driver/Src/stm32f1xx_ll_tim.o
LOAD ./Drivers/STM32F1xx_HAL_Driver/Src/stm32f1xx_ll_usart.o
LOAD ./Drivers/STM32F1xx_HAL_Driver/Src/stm32f1xx_ll_utils.o
START GROUP
LOAD C:/ST/STM32CubeIDE_1.14.0/STM32CubeIDE/plugins/com.st.stm32cube.ide.mcu.externaltools.gnu-tools-for-stm32.11.3.rel1.win32_1.1.100.202309141235/tools/bin/../lib/gcc/arm-none-eabi/11.3.1/../../../../arm-none-eabi/lib/thumb/v7-m/nofp\libc_nano.a
LOAD C:/ST/STM32CubeIDE_1.14.0/STM32CubeIDE/plugins/com.st.stm32cube.ide.mcu.externaltools.gnu-tools-for-stm32.11.3.rel1.win32_1.1.100.202309141235/tools/bin/../lib/gcc/arm-none-eabi/11.3.1/../../../../arm-none-eabi/lib/thumb/v7-m/nofp\libm.a
END GROUP
START GROUP
LOAD C:/ST/STM32CubeIDE_1.14.0/STM32CubeIDE/plugins/com.st.stm32cube.ide.mcu.externaltools.gnu-tools-for-stm32.11.3.rel1.win32_1.1.100.202309141235/tools/bin/../lib/gcc/arm-none-eabi/11.3.1/thumb/v7-m/nofp\libgcc.a
LOAD C:/ST/STM32CubeIDE_1.14.0/STM32CubeIDE/plugins/com.st.stm32cube.ide.mcu.externaltools.gnu-tools-for-stm32.11.3.rel1.win32_1.1.100.202309141235/tools/bin/../lib/gcc/arm-none-eabi/11.3.1/../../../../arm-none-eabi/lib/thumb/v7-m/nofp\libc_nano.a
END GROUP
START GROUP
LOAD C:/ST/STM32CubeIDE_1.14.0/STM32CubeIDE/plugins/com.st.stm32cube.ide.mcu.externaltools.gnu-tools-for-stm32.11.3.rel1.win32_1.1.100.202309141235/tools/bin/../lib/gcc/arm-none-eabi/11.3.1/thumb/v7-m/nofp\libgcc.a
LOAD C:/ST/STM32CubeIDE_1.14.0/STM32CubeIDE/plugins/com.st.stm32cube.ide.mcu.externaltools.gnu-tools-for-stm32.11.3.rel1.win32_1.1.100.202309141235/tools/bin/../lib/gcc/arm-none-eabi/11.3.1/../../../../arm-none-eabi/lib/thumb/v7-m/nofp\libc_nano.a
LOAD C:/ST/STM32CubeIDE_1.14.0/STM32CubeIDE/plugins/com.st.stm32cube.ide.mcu.externaltools.gnu-tools-for-stm32.11.3.rel1.win32_1.1.100.202309141235/tools/bin/../lib/gcc/arm-none-eabi/11.3.1/../../../../arm-none-eabi/lib/thumb/v7-m/nofp\libnosys.a
END GROUP
START GROUP
LOAD C:/ST/STM32CubeIDE_1.14.0/STM32CubeIDE/plugins/com.st.stm32cube.ide.mcu.externaltools.gnu-tools-for-stm32.11.3.rel1.win32_1.1.100.202309141235/tools/bin/../lib/gcc/arm-none-eabi/11.3.1/thumb/v7-m/nofp\libgcc.a
LOAD C:/ST/STM32CubeIDE_1.14.0/STM32CubeIDE/plugins/com.st.stm32cube.ide.mcu.externaltools.gnu-tools-for-stm32.11.3.rel1.win32_1.1.100.202309141235/tools/bin/../lib/gcc/arm-none-eabi/11.3.1/../../../../arm-none-eabi/lib/thumb/v7-m/nofp\libc_nano.a
LOAD C:/ST/STM32CubeIDE_1.14.0/STM32CubeIDE/plugins/com.st.stm32cube.ide.mcu.externaltools.gnu-tools-for-stm32.11.3.rel1.win32_1.1.100.202309141235/tools/bin/../lib/gcc/arm-none-eabi/11.3.1/../../../../arm-none-eabi/lib/thumb/v7-m/nofp\libnosys.a
END GROUP
LOAD C:/ST/STM32CubeIDE_1.14.0/STM32CubeIDE/plugins/com.st.stm32cube.ide.mcu.externaltools.gnu-tools-for-stm32.11.3.rel1.win32_1.1.100.202309141235/tools/bin/../lib/gcc/arm-none-eabi/11.3.1/thumb/v7-m/nofp/crtend.o
LOAD C:/ST/STM32CubeIDE_1.14.0/STM32CubeIDE/plugins/com.st.stm32cube.ide.mcu.externaltools.gnu-tools-for-stm32.11.3.rel1.win32_1.1.100.202309141235/tools/bin/../lib/gcc/arm-none-eabi/11.3.1/thumb/v7-m/nofp/crtn.o
                0x0000000020005000                _estack = (ORIGIN (RAM) + LENGTH (RAM))
                0x0000000000000200                _Min_Heap_Size = 0x200
                0x0000000000000400                _Min_Stack_Size = 0x400

.isr_vector     0x0000000008000000      0x10c
                0x0000000008000000                . = ALIGN (0x4)
 *(.isr_vector)
 .isr_vector    0x0000000008000000      0x10c ./Core/Startup/startup_stm32f103rbtx.o
                0x0000000008000000                g_pfnVectors
                0x000000000800010c                . = ALIGN (0x4)

.text           0x000000000800010c     0x269c
                0x000000000800010c                . = ALIGN (0x4)
 *(.text)
 .text          0x000000000800010c       0x40 C:/ST/STM32CubeIDE_1.14.0/STM32CubeIDE/plugins/com.st.stm32cube.ide.mcu.externaltools.gnu-tools-for-stm32.11.3.rel1.win32_1.1.100.202309141235/tools/bin/../lib/gcc/arm-none-eabi/11.3.1/thumb/v7-m/nofp/crtbegin.o
 *(.text*)
 .text.__NVIC_SetPriorityGrouping
                0x000000000800014c       0x48 ./Core/Src/main.o
 .text.__NVIC_GetPriorityGrouping
                0x0000000008000194       0x1c ./Core/Src/main.o
 .text.__NVIC_EnableIRQ
                0x00000000080001b0       0x38 ./Core/Src/main.o
 .text.__NVIC_SetPriority
                0x00000000080001e8       0x54 ./Core/Src/main.o
 .text.NVIC_EncodePriority
                0x000000000800023c       0x64 ./Core/Src/main.o
 .text.LL_RCC_HSI_Enable
                0x00000000080002a0       0x1c ./Core/Src/main.o
 .text.LL_RCC_HSI_IsReady
                0x00000000080002bc       0x24 ./Core/Src/main.o
 .text.LL_RCC_HSI_SetCalibTrimming
                0x00000000080002e0       0x28 ./Core/Src/main.o
 .text.LL_RCC_SetSysClkSource
                0x0000000008000308       0x28 ./Core/Src/main.o
 .text.LL_RCC_GetSysClkSource
                0x0000000008000330       0x18 ./Core/Src/main.o
 .text.LL_RCC_SetAHBPrescaler
                0x0000000008000348       0x28 ./Core/Src/main.o
 .text.LL_RCC_SetAPB1Prescaler
                0x0000000008000370       0x28 ./Core/Src/main.o
 .text.LL_RCC_SetAPB2Prescaler
                0x0000000008000398       0x28 ./Core/Src/main.o
 .text.LL_RCC_PLL_Enable
                0x00000000080003c0       0x1c ./Core/Src/main.o
 .text.LL_RCC_PLL_IsReady
                0x00000000080003dc       0x24 ./Core/Src/main.o
 .text.LL_RCC_PLL_ConfigDomain_SYS
                0x0000000008000400       0x30 ./Core/Src/main.o
 .text.LL_APB1_GRP1_EnableClock
                0x0000000008000430       0x30 ./Core/Src/main.o
 .text.LL_APB2_GRP1_EnableClock
                0x0000000008000460       0x30 ./Core/Src/main.o
 .text.LL_FLASH_SetLatency
                0x0000000008000490       0x28 ./Core/Src/main.o
 .text.LL_FLASH_GetLatency
                0x00000000080004b8       0x18 ./Core/Src/main.o
 .text.LL_TIM_EnableCounter
                0x00000000080004d0       0x1e ./Core/Src/main.o
 .text.LL_TIM_DisableCounter
                0x00000000080004ee       0x1e ./Core/Src/main.o
 .text.LL_TIM_DisableARRPreload
                0x000000000800050c       0x1e ./Core/Src/main.o
 .text.LL_TIM_SetClockSource
                0x000000000800052a       0x28 ./Core/Src/main.o
 .text.LL_TIM_SetTriggerOutput
                0x0000000008000552       0x24 ./Core/Src/main.o
 .text.LL_TIM_DisableMasterSlaveMode
                0x0000000008000576       0x1e ./Core/Src/main.o
 .text.LL_TIM_EnableIT_UPDATE
                0x0000000008000594       0x1e ./Core/Src/main.o
 .text.LL_USART_Enable
                0x00000000080005b2       0x1e ./Core/Src/main.o
 .text.LL_USART_ConfigAsyncMode
                0x00000000080005d0       0x2a ./Core/Src/main.o
 .text.LL_GPIO_SetPinMode
                0x00000000080005fa       0x64 ./Core/Src/main.o
 .text.LL_GPIO_SetOutputPin
                0x000000000800065e       0x1e ./Core/Src/main.o
 .text.LL_GPIO_ResetOutputPin
                0x000000000800067c       0x1e ./Core/Src/main.o
 *fill*         0x000000000800069a        0x2 
 .text.LL_GPIO_AF_Remap_SWJ_NOJTAG
                0x000000000800069c       0x20 ./Core/Src/main.o
 .text.LL_GPIO_AF_SetEXTISource
                0x00000000080006bc       0x5c ./Core/Src/main.o
 .text.main     0x0000000008000718      0x1ac ./Core/Src/main.o
                0x0000000008000718                main
 .text.SystemClock_Config
                0x00000000080008c4       0x80 ./Core/Src/main.o
                0x00000000080008c4                SystemClock_Config
 .text.MX_TIM2_Init
                0x0000000008000944       0x64 ./Core/Src/main.o
 .text.MX_TIM3_Init
                0x00000000080009a8       0x80 ./Core/Src/main.o
 .text.MX_USART2_UART_Init
                0x0000000008000a28       0xac ./Core/Src/main.o
 .text.MX_GPIO_Init
                0x0000000008000ad4      0x108 ./Core/Src/main.o
 .text.write_serial_in_parallel_out_register_plus
                0x0000000008000bdc      0x2b8 ./Core/Src/main.o
                0x0000000008000bdc                write_serial_in_parallel_out_register_plus
 .text.write_serial_in_parallel_out_register_minus_yellow
                0x0000000008000e94      0x2a4 ./Core/Src/main.o
                0x0000000008000e94                write_serial_in_parallel_out_register_minus_yellow
 .text.write_serial_in_parallel_out_register_minus_red
                0x0000000008001138      0x2d4 ./Core/Src/main.o
                0x0000000008001138                write_serial_in_parallel_out_register_minus_red
 .text.rowToBinary
                0x000000000800140c       0x58 ./Core/Src/main.o
                0x000000000800140c                rowToBinary
 .text.findCommonOnes
                0x0000000008001464      0x67c ./Core/Src/main.o
                0x0000000008001464                findCommonOnes
 .text.delay_us
                0x0000000008001ae0       0x36 ./Core/Src/main.o
 *fill*         0x0000000008001b16        0x2 
 .text.LL_EXTI_IsActiveFlag_0_31
                0x0000000008001b18       0x2c ./Core/Src/stm32f1xx_it.o
 .text.LL_EXTI_ClearFlag_0_31
                0x0000000008001b44       0x1c ./Core/Src/stm32f1xx_it.o
 .text.LL_TIM_EnableCounter
                0x0000000008001b60       0x1e ./Core/Src/stm32f1xx_it.o
 .text.LL_TIM_DisableCounter
                0x0000000008001b7e       0x1e ./Core/Src/stm32f1xx_it.o
 .text.LL_TIM_ClearFlag_UPDATE
                0x0000000008001b9c       0x1a ./Core/Src/stm32f1xx_it.o
 .text.LL_TIM_IsActiveFlag_UPDATE
                0x0000000008001bb6       0x24 ./Core/Src/stm32f1xx_it.o
 .text.NMI_Handler
                0x0000000008001bda        0x6 ./Core/Src/stm32f1xx_it.o
                0x0000000008001bda                NMI_Handler
 .text.HardFault_Handler
                0x0000000008001be0        0x6 ./Core/Src/stm32f1xx_it.o
                0x0000000008001be0                HardFault_Handler
 .text.MemManage_Handler
                0x0000000008001be6        0x6 ./Core/Src/stm32f1xx_it.o
                0x0000000008001be6                MemManage_Handler
 .text.BusFault_Handler
                0x0000000008001bec        0x6 ./Core/Src/stm32f1xx_it.o
                0x0000000008001bec                BusFault_Handler
 .text.UsageFault_Handler
                0x0000000008001bf2        0x6 ./Core/Src/stm32f1xx_it.o
                0x0000000008001bf2                UsageFault_Handler
 .text.SVC_Handler
                0x0000000008001bf8        0xc ./Core/Src/stm32f1xx_it.o
                0x0000000008001bf8                SVC_Handler
 .text.DebugMon_Handler
                0x0000000008001c04        0xc ./Core/Src/stm32f1xx_it.o
                0x0000000008001c04                DebugMon_Handler
 .text.PendSV_Handler
                0x0000000008001c10        0xc ./Core/Src/stm32f1xx_it.o
                0x0000000008001c10                PendSV_Handler
 .text.SysTick_Handler
                0x0000000008001c1c        0xc ./Core/Src/stm32f1xx_it.o
                0x0000000008001c1c                SysTick_Handler
 .text.EXTI4_IRQHandler
                0x0000000008001c28       0x50 ./Core/Src/stm32f1xx_it.o
                0x0000000008001c28                EXTI4_IRQHandler
 .text.TIM3_IRQHandler
                0x0000000008001c78       0x30 ./Core/Src/stm32f1xx_it.o
                0x0000000008001c78                TIM3_IRQHandler
 .text.SystemInit
                0x0000000008001ca8        0xc ./Core/Src/system_stm32f1xx.o
                0x0000000008001ca8                SystemInit
 .text.Reset_Handler
                0x0000000008001cb4       0x48 ./Core/Startup/startup_stm32f103rbtx.o
                0x0000000008001cb4                Reset_Handler
 .text.Default_Handler
                0x0000000008001cfc        0x2 ./Core/Startup/startup_stm32f103rbtx.o
                0x0000000008001cfc                RTC_Alarm_IRQHandler
                0x0000000008001cfc                EXTI2_IRQHandler
                0x0000000008001cfc                TIM1_CC_IRQHandler
                0x0000000008001cfc                PVD_IRQHandler
                0x0000000008001cfc                EXTI3_IRQHandler
                0x0000000008001cfc                EXTI0_IRQHandler
                0x0000000008001cfc                I2C2_EV_IRQHandler
                0x0000000008001cfc                ADC1_2_IRQHandler
                0x0000000008001cfc                SPI1_IRQHandler
                0x0000000008001cfc                TAMPER_IRQHandler
                0x0000000008001cfc                DMA1_Channel4_IRQHandler
                0x0000000008001cfc                USART3_IRQHandler
                0x0000000008001cfc                RTC_IRQHandler
                0x0000000008001cfc                DMA1_Channel7_IRQHandler
                0x0000000008001cfc                CAN1_RX1_IRQHandler
                0x0000000008001cfc                TIM4_IRQHandler
                0x0000000008001cfc                I2C1_EV_IRQHandler
                0x0000000008001cfc                DMA1_Channel6_IRQHandler
                0x0000000008001cfc                RCC_IRQHandler
                0x0000000008001cfc                TIM1_TRG_COM_IRQHandler
                0x0000000008001cfc                DMA1_Channel1_IRQHandler
                0x0000000008001cfc                Default_Handler
                0x0000000008001cfc                EXTI15_10_IRQHandler
                0x0000000008001cfc                EXTI9_5_IRQHandler
                0x0000000008001cfc                SPI2_IRQHandler
                0x0000000008001cfc                DMA1_Channel5_IRQHandler
                0x0000000008001cfc                USB_LP_CAN1_RX0_IRQHandler
                0x0000000008001cfc                USB_HP_CAN1_TX_IRQHandler
                0x0000000008001cfc                DMA1_Channel3_IRQHandler
                0x0000000008001cfc                TIM1_UP_IRQHandler
                0x0000000008001cfc                WWDG_IRQHandler
                0x0000000008001cfc                TIM2_IRQHandler
                0x0000000008001cfc                TIM1_BRK_IRQHandler
                0x0000000008001cfc                EXTI1_IRQHandler
                0x0000000008001cfc                USART2_IRQHandler
                0x0000000008001cfc                I2C2_ER_IRQHandler
                0x0000000008001cfc                DMA1_Channel2_IRQHandler
                0x0000000008001cfc                CAN1_SCE_IRQHandler
                0x0000000008001cfc                FLASH_IRQHandler
                0x0000000008001cfc                USART1_IRQHandler
                0x0000000008001cfc                I2C1_ER_IRQHandler
                0x0000000008001cfc                USBWakeUp_IRQHandler
 *fill*         0x0000000008001cfe        0x2 
 .text.LL_EXTI_EnableIT_0_31
                0x0000000008001d00       0x24 ./Drivers/STM32F1xx_HAL_Driver/Src/stm32f1xx_ll_exti.o
 .text.LL_EXTI_DisableIT_0_31
                0x0000000008001d24       0x24 ./Drivers/STM32F1xx_HAL_Driver/Src/stm32f1xx_ll_exti.o
 .text.LL_EXTI_EnableEvent_0_31
                0x0000000008001d48       0x24 ./Drivers/STM32F1xx_HAL_Driver/Src/stm32f1xx_ll_exti.o
 .text.LL_EXTI_DisableEvent_0_31
                0x0000000008001d6c       0x24 ./Drivers/STM32F1xx_HAL_Driver/Src/stm32f1xx_ll_exti.o
 .text.LL_EXTI_EnableRisingTrig_0_31
                0x0000000008001d90       0x24 ./Drivers/STM32F1xx_HAL_Driver/Src/stm32f1xx_ll_exti.o
 .text.LL_EXTI_DisableRisingTrig_0_31
                0x0000000008001db4       0x24 ./Drivers/STM32F1xx_HAL_Driver/Src/stm32f1xx_ll_exti.o
 .text.LL_EXTI_EnableFallingTrig_0_31
                0x0000000008001dd8       0x24 ./Drivers/STM32F1xx_HAL_Driver/Src/stm32f1xx_ll_exti.o
 .text.LL_EXTI_DisableFallingTrig_0_31
                0x0000000008001dfc       0x24 ./Drivers/STM32F1xx_HAL_Driver/Src/stm32f1xx_ll_exti.o
 .text.LL_EXTI_Init
                0x0000000008001e20       0xfe ./Drivers/STM32F1xx_HAL_Driver/Src/stm32f1xx_ll_exti.o
                0x0000000008001e20                LL_EXTI_Init
 .text.LL_GPIO_SetPinMode
                0x0000000008001f1e       0x64 ./Drivers/STM32F1xx_HAL_Driver/Src/stm32f1xx_ll_gpio.o
 .text.LL_GPIO_SetPinSpeed
                0x0000000008001f82       0x64 ./Drivers/STM32F1xx_HAL_Driver/Src/stm32f1xx_ll_gpio.o
 .text.LL_GPIO_SetPinOutputType
                0x0000000008001fe6       0x64 ./Drivers/STM32F1xx_HAL_Driver/Src/stm32f1xx_ll_gpio.o
 .text.LL_GPIO_SetPinPull
                0x000000000800204a       0x44 ./Drivers/STM32F1xx_HAL_Driver/Src/stm32f1xx_ll_gpio.o
 .text.LL_GPIO_Init
                0x000000000800208e       0xcc ./Drivers/STM32F1xx_HAL_Driver/Src/stm32f1xx_ll_gpio.o
                0x000000000800208e                LL_GPIO_Init
 *fill*         0x000000000800215a        0x2 
 .text.LL_RCC_GetSysClkSource
                0x000000000800215c       0x18 ./Drivers/STM32F1xx_HAL_Driver/Src/stm32f1xx_ll_rcc.o
 .text.LL_RCC_GetAHBPrescaler
                0x0000000008002174       0x18 ./Drivers/STM32F1xx_HAL_Driver/Src/stm32f1xx_ll_rcc.o
 .text.LL_RCC_GetAPB1Prescaler
                0x000000000800218c       0x18 ./Drivers/STM32F1xx_HAL_Driver/Src/stm32f1xx_ll_rcc.o
 .text.LL_RCC_GetAPB2Prescaler
                0x00000000080021a4       0x18 ./Drivers/STM32F1xx_HAL_Driver/Src/stm32f1xx_ll_rcc.o
 .text.LL_RCC_PLL_GetMainSource
                0x00000000080021bc       0x18 ./Drivers/STM32F1xx_HAL_Driver/Src/stm32f1xx_ll_rcc.o
 .text.LL_RCC_PLL_GetMultiplicator
                0x00000000080021d4       0x18 ./Drivers/STM32F1xx_HAL_Driver/Src/stm32f1xx_ll_rcc.o
 .text.LL_RCC_PLL_GetPrediv
                0x00000000080021ec       0x1c ./Drivers/STM32F1xx_HAL_Driver/Src/stm32f1xx_ll_rcc.o
 .text.LL_RCC_GetSystemClocksFreq
                0x0000000008002208       0x4a ./Drivers/STM32F1xx_HAL_Driver/Src/stm32f1xx_ll_rcc.o
                0x0000000008002208                LL_RCC_GetSystemClocksFreq
 *fill*         0x0000000008002252        0x2 
 .text.RCC_GetSystemClockFreq
                0x0000000008002254       0x4c ./Drivers/STM32F1xx_HAL_Driver/Src/stm32f1xx_ll_rcc.o
                0x0000000008002254                RCC_GetSystemClockFreq
 .text.RCC_GetHCLKClockFreq
                0x00000000080022a0       0x2c ./Drivers/STM32F1xx_HAL_Driver/Src/stm32f1xx_ll_rcc.o
                0x00000000080022a0                RCC_GetHCLKClockFreq
 .text.RCC_GetPCLK1ClockFreq
                0x00000000080022cc       0x28 ./Drivers/STM32F1xx_HAL_Driver/Src/stm32f1xx_ll_rcc.o
                0x00000000080022cc                RCC_GetPCLK1ClockFreq
 .text.RCC_GetPCLK2ClockFreq
                0x00000000080022f4       0x28 ./Drivers/STM32F1xx_HAL_Driver/Src/stm32f1xx_ll_rcc.o
                0x00000000080022f4                RCC_GetPCLK2ClockFreq
 .text.RCC_PLL_GetFreqDomain_SYS
                0x000000000800231c       0x64 ./Drivers/STM32F1xx_HAL_Driver/Src/stm32f1xx_ll_rcc.o
                0x000000000800231c                RCC_PLL_GetFreqDomain_SYS
 .text.LL_TIM_SetPrescaler
                0x0000000008002380       0x1a ./Drivers/STM32F1xx_HAL_Driver/Src/stm32f1xx_ll_tim.o
 .text.LL_TIM_SetAutoReload
                0x000000000800239a       0x1a ./Drivers/STM32F1xx_HAL_Driver/Src/stm32f1xx_ll_tim.o
 .text.LL_TIM_SetRepetitionCounter
                0x00000000080023b4       0x1a ./Drivers/STM32F1xx_HAL_Driver/Src/stm32f1xx_ll_tim.o
 .text.LL_TIM_GenerateEvent_UPDATE
                0x00000000080023ce       0x1e ./Drivers/STM32F1xx_HAL_Driver/Src/stm32f1xx_ll_tim.o
 .text.LL_TIM_Init
                0x00000000080023ec       0xbc ./Drivers/STM32F1xx_HAL_Driver/Src/stm32f1xx_ll_tim.o
                0x00000000080023ec                LL_TIM_Init
 .text.LL_USART_IsEnabled
                0x00000000080024a8       0x26 ./Drivers/STM32F1xx_HAL_Driver/Src/stm32f1xx_ll_usart.o
 .text.LL_USART_SetStopBitsLength
                0x00000000080024ce       0x24 ./Drivers/STM32F1xx_HAL_Driver/Src/stm32f1xx_ll_usart.o
 .text.LL_USART_SetHWFlowCtrl
                0x00000000080024f2       0x24 ./Drivers/STM32F1xx_HAL_Driver/Src/stm32f1xx_ll_usart.o
 *fill*         0x0000000008002516        0x2 
 .text.LL_USART_SetBaudRate
                0x0000000008002518       0xbc ./Drivers/STM32F1xx_HAL_Driver/Src/stm32f1xx_ll_usart.o
 .text.LL_USART_Init
                0x00000000080025d4       0xc0 ./Drivers/STM32F1xx_HAL_Driver/Src/stm32f1xx_ll_usart.o
                0x00000000080025d4                LL_USART_Init
 .text.LL_InitTick
                0x0000000008002694       0x34 ./Drivers/STM32F1xx_HAL_Driver/Src/stm32f1xx_ll_utils.o
 .text.LL_Init1msTick
                0x00000000080026c8       0x1a ./Drivers/STM32F1xx_HAL_Driver/Src/stm32f1xx_ll_utils.o
                0x00000000080026c8                LL_Init1msTick
 *fill*         0x00000000080026e2        0x2 
 .text.LL_mDelay
                0x00000000080026e4       0x48 ./Drivers/STM32F1xx_HAL_Driver/Src/stm32f1xx_ll_utils.o
                0x00000000080026e4                LL_mDelay
 .text.LL_SetSystemCoreClock
                0x000000000800272c       0x1c ./Drivers/STM32F1xx_HAL_Driver/Src/stm32f1xx_ll_utils.o
                0x000000000800272c                LL_SetSystemCoreClock
 .text.__libc_init_array
                0x0000000008002748       0x48 C:/ST/STM32CubeIDE_1.14.0/STM32CubeIDE/plugins/com.st.stm32cube.ide.mcu.externaltools.gnu-tools-for-stm32.11.3.rel1.win32_1.1.100.202309141235/tools/bin/../lib/gcc/arm-none-eabi/11.3.1/../../../../arm-none-eabi/lib/thumb/v7-m/nofp\libc_nano.a(libc_a-init.o)
                0x0000000008002748                __libc_init_array
 *(.glue_7)
 .glue_7        0x0000000008002790        0x0 linker stubs
 *(.glue_7t)
 .glue_7t       0x0000000008002790        0x0 linker stubs
 *(.eh_frame)
 .eh_frame      0x0000000008002790        0x0 C:/ST/STM32CubeIDE_1.14.0/STM32CubeIDE/plugins/com.st.stm32cube.ide.mcu.externaltools.gnu-tools-for-stm32.11.3.rel1.win32_1.1.100.202309141235/tools/bin/../lib/gcc/arm-none-eabi/11.3.1/thumb/v7-m/nofp/crtbegin.o
 *(.init)
 .init          0x0000000008002790        0x4 C:/ST/STM32CubeIDE_1.14.0/STM32CubeIDE/plugins/com.st.stm32cube.ide.mcu.externaltools.gnu-tools-for-stm32.11.3.rel1.win32_1.1.100.202309141235/tools/bin/../lib/gcc/arm-none-eabi/11.3.1/thumb/v7-m/nofp/crti.o
                0x0000000008002790                _init
 .init          0x0000000008002794        0x8 C:/ST/STM32CubeIDE_1.14.0/STM32CubeIDE/plugins/com.st.stm32cube.ide.mcu.externaltools.gnu-tools-for-stm32.11.3.rel1.win32_1.1.100.202309141235/tools/bin/../lib/gcc/arm-none-eabi/11.3.1/thumb/v7-m/nofp/crtn.o
 *(.fini)
 .fini          0x000000000800279c        0x4 C:/ST/STM32CubeIDE_1.14.0/STM32CubeIDE/plugins/com.st.stm32cube.ide.mcu.externaltools.gnu-tools-for-stm32.11.3.rel1.win32_1.1.100.202309141235/tools/bin/../lib/gcc/arm-none-eabi/11.3.1/thumb/v7-m/nofp/crti.o
                0x000000000800279c                _fini
 .fini          0x00000000080027a0        0x8 C:/ST/STM32CubeIDE_1.14.0/STM32CubeIDE/plugins/com.st.stm32cube.ide.mcu.externaltools.gnu-tools-for-stm32.11.3.rel1.win32_1.1.100.202309141235/tools/bin/../lib/gcc/arm-none-eabi/11.3.1/thumb/v7-m/nofp/crtn.o
                0x00000000080027a8                . = ALIGN (0x4)
                0x00000000080027a8                _etext = .

.vfp11_veneer   0x00000000080027a8        0x0
 .vfp11_veneer  0x00000000080027a8        0x0 linker stubs

.v4_bx          0x00000000080027a8        0x0
 .v4_bx         0x00000000080027a8        0x0 linker stubs

.iplt           0x00000000080027a8        0x0
 .iplt          0x00000000080027a8        0x0 C:/ST/STM32CubeIDE_1.14.0/STM32CubeIDE/plugins/com.st.stm32cube.ide.mcu.externaltools.gnu-tools-for-stm32.11.3.rel1.win32_1.1.100.202309141235/tools/bin/../lib/gcc/arm-none-eabi/11.3.1/thumb/v7-m/nofp/crtbegin.o

.rodata         0x00000000080027a8       0x18
                0x00000000080027a8                . = ALIGN (0x4)
 *(.rodata)
 *(.rodata*)
 .rodata.AHBPrescTable
                0x00000000080027a8       0x10 ./Core/Src/system_stm32f1xx.o
                0x00000000080027a8                AHBPrescTable
 .rodata.APBPrescTable
                0x00000000080027b8        0x8 ./Core/Src/system_stm32f1xx.o
                0x00000000080027b8                APBPrescTable
                0x00000000080027c0                . = ALIGN (0x4)

.rel.dyn        0x00000000080027c0        0x0
 .rel.iplt      0x00000000080027c0        0x0 C:/ST/STM32CubeIDE_1.14.0/STM32CubeIDE/plugins/com.st.stm32cube.ide.mcu.externaltools.gnu-tools-for-stm32.11.3.rel1.win32_1.1.100.202309141235/tools/bin/../lib/gcc/arm-none-eabi/11.3.1/thumb/v7-m/nofp/crtbegin.o

.ARM.extab      0x00000000080027c0        0x0
                0x00000000080027c0                . = ALIGN (0x4)
 *(.ARM.extab* .gnu.linkonce.armextab.*)
                0x00000000080027c0                . = ALIGN (0x4)

.ARM            0x00000000080027c0        0x0
                0x00000000080027c0                . = ALIGN (0x4)
                0x00000000080027c0                __exidx_start = .
 *(.ARM.exidx*)
                0x00000000080027c0                __exidx_end = .
                0x00000000080027c0                . = ALIGN (0x4)

.preinit_array  0x00000000080027c0        0x0
                0x00000000080027c0                . = ALIGN (0x4)
                0x00000000080027c0                PROVIDE (__preinit_array_start = .)
 *(.preinit_array*)
                0x00000000080027c0                PROVIDE (__preinit_array_end = .)
                0x00000000080027c0                . = ALIGN (0x4)

.init_array     0x00000000080027c0        0x4
                0x00000000080027c0                . = ALIGN (0x4)
                0x00000000080027c0                PROVIDE (__init_array_start = .)
 *(SORT_BY_NAME(.init_array.*))
 *(.init_array*)
 .init_array    0x00000000080027c0        0x4 C:/ST/STM32CubeIDE_1.14.0/STM32CubeIDE/plugins/com.st.stm32cube.ide.mcu.externaltools.gnu-tools-for-stm32.11.3.rel1.win32_1.1.100.202309141235/tools/bin/../lib/gcc/arm-none-eabi/11.3.1/thumb/v7-m/nofp/crtbegin.o
                0x00000000080027c4                PROVIDE (__init_array_end = .)
                0x00000000080027c4                . = ALIGN (0x4)

.fini_array     0x00000000080027c4        0x4
                0x00000000080027c4                . = ALIGN (0x4)
                [!provide]                        PROVIDE (__fini_array_start = .)
 *(SORT_BY_NAME(.fini_array.*))
 *(.fini_array*)
 .fini_array    0x00000000080027c4        0x4 C:/ST/STM32CubeIDE_1.14.0/STM32CubeIDE/plugins/com.st.stm32cube.ide.mcu.externaltools.gnu-tools-for-stm32.11.3.rel1.win32_1.1.100.202309141235/tools/bin/../lib/gcc/arm-none-eabi/11.3.1/thumb/v7-m/nofp/crtbegin.o
                [!provide]                        PROVIDE (__fini_array_end = .)
                0x00000000080027c8                . = ALIGN (0x4)
                0x00000000080027c8                _sidata = LOADADDR (.data)

.data           0x0000000020000000       0x84 load address 0x00000000080027c8
                0x0000000020000000                . = ALIGN (0x4)
                0x0000000020000000                _sdata = .
 *(.data)
 *(.data*)
 .data.dotMatrixBoard_yellow
                0x0000000020000000       0x40 ./Core/Src/main.o
                0x0000000020000000                dotMatrixBoard_yellow
 .data.dotMatrixBoard_red
                0x0000000020000040       0x40 ./Core/Src/main.o
                0x0000000020000040                dotMatrixBoard_red
 .data.SystemCoreClock
                0x0000000020000080        0x4 ./Core/Src/system_stm32f1xx.o
                0x0000000020000080                SystemCoreClock
 *(.RamFunc)
 *(.RamFunc*)
                0x0000000020000084                . = ALIGN (0x4)
                0x0000000020000084                _edata = .

.igot.plt       0x0000000020000084        0x0 load address 0x000000000800284c
 .igot.plt      0x0000000020000084        0x0 C:/ST/STM32CubeIDE_1.14.0/STM32CubeIDE/plugins/com.st.stm32cube.ide.mcu.externaltools.gnu-tools-for-stm32.11.3.rel1.win32_1.1.100.202309141235/tools/bin/../lib/gcc/arm-none-eabi/11.3.1/thumb/v7-m/nofp/crtbegin.o
                0x0000000020000084                . = ALIGN (0x4)

.bss            0x0000000020000084       0x28 load address 0x000000000800284c
                0x0000000020000084                _sbss = .
                0x0000000020000084                __bss_start__ = _sbss
 *(.bss)
 .bss           0x0000000020000084       0x1c C:/ST/STM32CubeIDE_1.14.0/STM32CubeIDE/plugins/com.st.stm32cube.ide.mcu.externaltools.gnu-tools-for-stm32.11.3.rel1.win32_1.1.100.202309141235/tools/bin/../lib/gcc/arm-none-eabi/11.3.1/thumb/v7-m/nofp/crtbegin.o
 *(.bss*)
 .bss.next_yellow_yes
                0x00000000200000a0        0x4 ./Core/Src/main.o
                0x00000000200000a0                next_yellow_yes
 .bss.next_red_yes
                0x00000000200000a4        0x4 ./Core/Src/main.o
                0x00000000200000a4                next_red_yes
 .bss.isProcessing
                0x00000000200000a8        0x4 ./Core/Src/stm32f1xx_it.o
 *(COMMON)
                0x00000000200000ac                . = ALIGN (0x4)
                0x00000000200000ac                _ebss = .
                0x00000000200000ac                __bss_end__ = _ebss

._user_heap_stack
                0x00000000200000ac      0x604 load address 0x000000000800284c
                0x00000000200000b0                . = ALIGN (0x8)
 *fill*         0x00000000200000ac        0x4 
                [!provide]                        PROVIDE (end = .)
                0x00000000200000b0                PROVIDE (_end = .)
                0x00000000200002b0                . = (. + _Min_Heap_Size)
 *fill*         0x00000000200000b0      0x200 
                0x00000000200006b0                . = (. + _Min_Stack_Size)
 *fill*         0x00000000200002b0      0x400 
                0x00000000200006b0                . = ALIGN (0x8)

/DISCARD/
 libc.a(*)
 libm.a(*)
 libgcc.a(*)

.ARM.attributes
                0x0000000000000000       0x29
 *(.ARM.attributes)
 .ARM.attributes
                0x0000000000000000       0x1d C:/ST/STM32CubeIDE_1.14.0/STM32CubeIDE/plugins/com.st.stm32cube.ide.mcu.externaltools.gnu-tools-for-stm32.11.3.rel1.win32_1.1.100.202309141235/tools/bin/../lib/gcc/arm-none-eabi/11.3.1/thumb/v7-m/nofp/crti.o
 .ARM.attributes
                0x000000000000001d       0x2d C:/ST/STM32CubeIDE_1.14.0/STM32CubeIDE/plugins/com.st.stm32cube.ide.mcu.externaltools.gnu-tools-for-stm32.11.3.rel1.win32_1.1.100.202309141235/tools/bin/../lib/gcc/arm-none-eabi/11.3.1/thumb/v7-m/nofp/crtbegin.o
 .ARM.attributes
                0x000000000000004a       0x2d ./Core/Src/main.o
 .ARM.attributes
                0x0000000000000077       0x2d ./Core/Src/stm32f1xx_it.o
 .ARM.attributes
                0x00000000000000a4       0x2d ./Core/Src/system_stm32f1xx.o
 .ARM.attributes
                0x00000000000000d1       0x21 ./Core/Startup/startup_stm32f103rbtx.o
 .ARM.attributes
                0x00000000000000f2       0x2d ./Drivers/STM32F1xx_HAL_Driver/Src/stm32f1xx_ll_exti.o
 .ARM.attributes
                0x000000000000011f       0x2d ./Drivers/STM32F1xx_HAL_Driver/Src/stm32f1xx_ll_gpio.o
 .ARM.attributes
                0x000000000000014c       0x2d ./Drivers/STM32F1xx_HAL_Driver/Src/stm32f1xx_ll_rcc.o
 .ARM.attributes
                0x0000000000000179       0x2d ./Drivers/STM32F1xx_HAL_Driver/Src/stm32f1xx_ll_tim.o
 .ARM.attributes
                0x00000000000001a6       0x2d ./Drivers/STM32F1xx_HAL_Driver/Src/stm32f1xx_ll_usart.o
 .ARM.attributes
                0x00000000000001d3       0x2d ./Drivers/STM32F1xx_HAL_Driver/Src/stm32f1xx_ll_utils.o
 .ARM.attributes
                0x0000000000000200       0x2d C:/ST/STM32CubeIDE_1.14.0/STM32CubeIDE/plugins/com.st.stm32cube.ide.mcu.externaltools.gnu-tools-for-stm32.11.3.rel1.win32_1.1.100.202309141235/tools/bin/../lib/gcc/arm-none-eabi/11.3.1/../../../../arm-none-eabi/lib/thumb/v7-m/nofp\libc_nano.a(libc_a-init.o)
 .ARM.attributes
                0x000000000000022d       0x1d C:/ST/STM32CubeIDE_1.14.0/STM32CubeIDE/plugins/com.st.stm32cube.ide.mcu.externaltools.gnu-tools-for-stm32.11.3.rel1.win32_1.1.100.202309141235/tools/bin/../lib/gcc/arm-none-eabi/11.3.1/thumb/v7-m/nofp/crtn.o
OUTPUT(Test_LL_library.elf elf32-littlearm)
LOAD linker stubs
LOAD C:/ST/STM32CubeIDE_1.14.0/STM32CubeIDE/plugins/com.st.stm32cube.ide.mcu.externaltools.gnu-tools-for-stm32.11.3.rel1.win32_1.1.100.202309141235/tools/bin/../lib/gcc/arm-none-eabi/11.3.1/../../../../arm-none-eabi/lib/thumb/v7-m/nofp\libc.a
LOAD C:/ST/STM32CubeIDE_1.14.0/STM32CubeIDE/plugins/com.st.stm32cube.ide.mcu.externaltools.gnu-tools-for-stm32.11.3.rel1.win32_1.1.100.202309141235/tools/bin/../lib/gcc/arm-none-eabi/11.3.1/../../../../arm-none-eabi/lib/thumb/v7-m/nofp\libm.a
LOAD C:/ST/STM32CubeIDE_1.14.0/STM32CubeIDE/plugins/com.st.stm32cube.ide.mcu.externaltools.gnu-tools-for-stm32.11.3.rel1.win32_1.1.100.202309141235/tools/bin/../lib/gcc/arm-none-eabi/11.3.1/thumb/v7-m/nofp\libgcc.a

.comment        0x0000000000000000       0x43
 .comment       0x0000000000000000       0x43 C:/ST/STM32CubeIDE_1.14.0/STM32CubeIDE/plugins/com.st.stm32cube.ide.mcu.externaltools.gnu-tools-for-stm32.11.3.rel1.win32_1.1.100.202309141235/tools/bin/../lib/gcc/arm-none-eabi/11.3.1/thumb/v7-m/nofp/crtbegin.o
                                         0x44 (size before relaxing)
 .comment       0x0000000000000043       0x44 ./Core/Src/main.o
 .comment       0x0000000000000043       0x44 ./Core/Src/stm32f1xx_it.o
 .comment       0x0000000000000043       0x44 ./Core/Src/system_stm32f1xx.o
 .comment       0x0000000000000043       0x44 ./Drivers/STM32F1xx_HAL_Driver/Src/stm32f1xx_ll_exti.o
 .comment       0x0000000000000043       0x44 ./Drivers/STM32F1xx_HAL_Driver/Src/stm32f1xx_ll_gpio.o
 .comment       0x0000000000000043       0x44 ./Drivers/STM32F1xx_HAL_Driver/Src/stm32f1xx_ll_rcc.o
 .comment       0x0000000000000043       0x44 ./Drivers/STM32F1xx_HAL_Driver/Src/stm32f1xx_ll_tim.o
 .comment       0x0000000000000043       0x44 ./Drivers/STM32F1xx_HAL_Driver/Src/stm32f1xx_ll_usart.o
 .comment       0x0000000000000043       0x44 ./Drivers/STM32F1xx_HAL_Driver/Src/stm32f1xx_ll_utils.o

.debug_info     0x0000000000000000     0x480a
 .debug_info    0x0000000000000000     0x1725 ./Core/Src/main.o
 .debug_info    0x0000000000001725      0x4d3 ./Core/Src/stm32f1xx_it.o
 .debug_info    0x0000000000001bf8      0x21b ./Core/Src/system_stm32f1xx.o
 .debug_info    0x0000000000001e13       0x23 ./Core/Startup/startup_stm32f103rbtx.o
 .debug_info    0x0000000000001e36      0x330 ./Drivers/STM32F1xx_HAL_Driver/Src/stm32f1xx_ll_exti.o
 .debug_info    0x0000000000002166      0x59a ./Drivers/STM32F1xx_HAL_Driver/Src/stm32f1xx_ll_gpio.o
 .debug_info    0x0000000000002700      0x54b ./Drivers/STM32F1xx_HAL_Driver/Src/stm32f1xx_ll_rcc.o
 .debug_info    0x0000000000002c4b      0xe1c ./Drivers/STM32F1xx_HAL_Driver/Src/stm32f1xx_ll_tim.o
 .debug_info    0x0000000000003a67      0x5c2 ./Drivers/STM32F1xx_HAL_Driver/Src/stm32f1xx_ll_usart.o
 .debug_info    0x0000000000004029      0x7e1 ./Drivers/STM32F1xx_HAL_Driver/Src/stm32f1xx_ll_utils.o

.debug_abbrev   0x0000000000000000     0x12e5
 .debug_abbrev  0x0000000000000000      0x3bf ./Core/Src/main.o
 .debug_abbrev  0x00000000000003bf      0x1a8 ./Core/Src/stm32f1xx_it.o
 .debug_abbrev  0x0000000000000567      0x13f ./Core/Src/system_stm32f1xx.o
 .debug_abbrev  0x00000000000006a6       0x12 ./Core/Startup/startup_stm32f103rbtx.o
 .debug_abbrev  0x00000000000006b8      0x18a ./Drivers/STM32F1xx_HAL_Driver/Src/stm32f1xx_ll_exti.o
 .debug_abbrev  0x0000000000000842      0x20d ./Drivers/STM32F1xx_HAL_Driver/Src/stm32f1xx_ll_gpio.o
 .debug_abbrev  0x0000000000000a4f      0x273 ./Drivers/STM32F1xx_HAL_Driver/Src/stm32f1xx_ll_rcc.o
 .debug_abbrev  0x0000000000000cc2      0x20e ./Drivers/STM32F1xx_HAL_Driver/Src/stm32f1xx_ll_tim.o
 .debug_abbrev  0x0000000000000ed0      0x1c7 ./Drivers/STM32F1xx_HAL_Driver/Src/stm32f1xx_ll_usart.o
 .debug_abbrev  0x0000000000001097      0x24e ./Drivers/STM32F1xx_HAL_Driver/Src/stm32f1xx_ll_utils.o

.debug_aranges  0x0000000000000000      0x720
 .debug_aranges
                0x0000000000000000      0x1e0 ./Core/Src/main.o
 .debug_aranges
                0x00000000000001e0       0xa0 ./Core/Src/stm32f1xx_it.o
 .debug_aranges
                0x0000000000000280       0x28 ./Core/Src/system_stm32f1xx.o
 .debug_aranges
                0x00000000000002a8       0x28 ./Core/Startup/startup_stm32f103rbtx.o
 .debug_aranges
                0x00000000000002d0       0x70 ./Drivers/STM32F1xx_HAL_Driver/Src/stm32f1xx_ll_exti.o
 .debug_aranges
                0x0000000000000340       0x60 ./Drivers/STM32F1xx_HAL_Driver/Src/stm32f1xx_ll_gpio.o
 .debug_aranges
                0x00000000000003a0       0xd8 ./Drivers/STM32F1xx_HAL_Driver/Src/stm32f1xx_ll_rcc.o
 .debug_aranges
                0x0000000000000478      0x128 ./Drivers/STM32F1xx_HAL_Driver/Src/stm32f1xx_ll_tim.o
 .debug_aranges
                0x00000000000005a0       0x88 ./Drivers/STM32F1xx_HAL_Driver/Src/stm32f1xx_ll_usart.o
 .debug_aranges
                0x0000000000000628       0xf8 ./Drivers/STM32F1xx_HAL_Driver/Src/stm32f1xx_ll_utils.o

.debug_rnglists
                0x0000000000000000      0x545
 .debug_rnglists
                0x0000000000000000      0x16f ./Core/Src/main.o
 .debug_rnglists
                0x000000000000016f       0x73 ./Core/Src/stm32f1xx_it.o
 .debug_rnglists
                0x00000000000001e2       0x1a ./Core/Src/system_stm32f1xx.o
 .debug_rnglists
                0x00000000000001fc       0x19 ./Core/Startup/startup_stm32f103rbtx.o
 .debug_rnglists
                0x0000000000000215       0x50 ./Drivers/STM32F1xx_HAL_Driver/Src/stm32f1xx_ll_exti.o
 .debug_rnglists
                0x0000000000000265       0x45 ./Drivers/STM32F1xx_HAL_Driver/Src/stm32f1xx_ll_gpio.o
 .debug_rnglists
                0x00000000000002aa       0x9d ./Drivers/STM32F1xx_HAL_Driver/Src/stm32f1xx_ll_rcc.o
 .debug_rnglists
                0x0000000000000347       0xe4 ./Drivers/STM32F1xx_HAL_Driver/Src/stm32f1xx_ll_tim.o
 .debug_rnglists
                0x000000000000042b       0x63 ./Drivers/STM32F1xx_HAL_Driver/Src/stm32f1xx_ll_usart.o
 .debug_rnglists
                0x000000000000048e       0xb7 ./Drivers/STM32F1xx_HAL_Driver/Src/stm32f1xx_ll_utils.o

.debug_macro    0x0000000000000000    0x1274d
 .debug_macro   0x0000000000000000      0x134 ./Core/Src/main.o
 .debug_macro   0x0000000000000134      0xacc ./Core/Src/main.o
 .debug_macro   0x0000000000000c00       0x2e ./Core/Src/main.o
 .debug_macro   0x0000000000000c2e       0x22 ./Core/Src/main.o
 .debug_macro   0x0000000000000c50       0x22 ./Core/Src/main.o
 .debug_macro   0x0000000000000c72       0x8e ./Core/Src/main.o
 .debug_macro   0x0000000000000d00       0x51 ./Core/Src/main.o
 .debug_macro   0x0000000000000d51      0x103 ./Core/Src/main.o
 .debug_macro   0x0000000000000e54       0x6a ./Core/Src/main.o
 .debug_macro   0x0000000000000ebe      0x1df ./Core/Src/main.o
 .debug_macro   0x000000000000109d       0x1c ./Core/Src/main.o
 .debug_macro   0x00000000000010b9       0x22 ./Core/Src/main.o
 .debug_macro   0x00000000000010db       0xbd ./Core/Src/main.o
 .debug_macro   0x0000000000001198      0xd23 ./Core/Src/main.o
 .debug_macro   0x0000000000001ebb     0xe09e ./Core/Src/main.o
 .debug_macro   0x000000000000ff59       0x6d ./Core/Src/main.o
 .debug_macro   0x000000000000ffc6      0x2b8 ./Core/Src/main.o
 .debug_macro   0x000000000001027e       0xd7 ./Core/Src/main.o
 .debug_macro   0x0000000000010355       0x74 ./Core/Src/main.o
 .debug_macro   0x00000000000103c9       0xd0 ./Core/Src/main.o
 .debug_macro   0x0000000000010499       0x28 ./Core/Src/main.o
 .debug_macro   0x00000000000104c1       0x2a ./Core/Src/main.o
 .debug_macro   0x00000000000104eb       0x90 ./Core/Src/main.o
 .debug_macro   0x000000000001057b      0x287 ./Core/Src/main.o
 .debug_macro   0x0000000000010802      0x57a ./Core/Src/main.o
 .debug_macro   0x0000000000010d7c      0x1b4 ./Core/Src/main.o
 .debug_macro   0x0000000000010f30      0x229 ./Core/Src/main.o
 .debug_macro   0x0000000000011159       0xca ./Core/Src/main.o
 .debug_macro   0x0000000000011223      0x13e ./Core/Src/stm32f1xx_it.o
 .debug_macro   0x0000000000011361       0xbc ./Core/Src/system_stm32f1xx.o
 .debug_macro   0x000000000001141d       0xe3 ./Drivers/STM32F1xx_HAL_Driver/Src/stm32f1xx_ll_exti.o
 .debug_macro   0x0000000000011500       0xca ./Drivers/STM32F1xx_HAL_Driver/Src/stm32f1xx_ll_exti.o
 .debug_macro   0x00000000000115ca       0xf8 ./Drivers/STM32F1xx_HAL_Driver/Src/stm32f1xx_ll_gpio.o
 .debug_macro   0x00000000000116c2      0x223 ./Drivers/STM32F1xx_HAL_Driver/Src/stm32f1xx_ll_gpio.o
 .debug_macro   0x00000000000118e5       0xdd ./Drivers/STM32F1xx_HAL_Driver/Src/stm32f1xx_ll_rcc.o
 .debug_macro   0x00000000000119c2      0x147 ./Drivers/STM32F1xx_HAL_Driver/Src/stm32f1xx_ll_tim.o
 .debug_macro   0x0000000000011b09      0x574 ./Drivers/STM32F1xx_HAL_Driver/Src/stm32f1xx_ll_tim.o
 .debug_macro   0x000000000001207d      0x12b ./Drivers/STM32F1xx_HAL_Driver/Src/stm32f1xx_ll_usart.o
 .debug_macro   0x00000000000121a8      0x1ae ./Drivers/STM32F1xx_HAL_Driver/Src/stm32f1xx_ll_usart.o
 .debug_macro   0x0000000000012356      0x2be ./Drivers/STM32F1xx_HAL_Driver/Src/stm32f1xx_ll_usart.o
 .debug_macro   0x0000000000012614      0x139 ./Drivers/STM32F1xx_HAL_Driver/Src/stm32f1xx_ll_utils.o

.debug_line     0x0000000000000000     0x5668
 .debug_line    0x0000000000000000     0x167c ./Core/Src/main.o
 .debug_line    0x000000000000167c      0x7f0 ./Core/Src/stm32f1xx_it.o
 .debug_line    0x0000000000001e6c      0x568 ./Core/Src/system_stm32f1xx.o
 .debug_line    0x00000000000023d4       0x78 ./Core/Startup/startup_stm32f103rbtx.o
 .debug_line    0x000000000000244c      0x67c ./Drivers/STM32F1xx_HAL_Driver/Src/stm32f1xx_ll_exti.o
 .debug_line    0x0000000000002ac8      0x770 ./Drivers/STM32F1xx_HAL_Driver/Src/stm32f1xx_ll_gpio.o
 .debug_line    0x0000000000003238      0x882 ./Drivers/STM32F1xx_HAL_Driver/Src/stm32f1xx_ll_rcc.o
 .debug_line    0x0000000000003aba      0xae8 ./Drivers/STM32F1xx_HAL_Driver/Src/stm32f1xx_ll_tim.o
 .debug_line    0x00000000000045a2      0x742 ./Drivers/STM32F1xx_HAL_Driver/Src/stm32f1xx_ll_usart.o
 .debug_line    0x0000000000004ce4      0x984 ./Drivers/STM32F1xx_HAL_Driver/Src/stm32f1xx_ll_utils.o

.debug_str      0x0000000000000000    0x60525
 .debug_str     0x0000000000000000    0x5d3e2 ./Core/Src/main.o
                                      0x5d769 (size before relaxing)
 .debug_str     0x000000000005d3e2      0x17b ./Core/Src/stm32f1xx_it.o
                                      0x5cc20 (size before relaxing)
 .debug_str     0x000000000005d55d       0x6e ./Core/Src/system_stm32f1xx.o
                                      0x54738 (size before relaxing)
 .debug_str     0x000000000005d5cb       0x34 ./Core/Startup/startup_stm32f103rbtx.o
                                         0x82 (size before relaxing)
 .debug_str     0x000000000005d5ff      0x312 ./Drivers/STM32F1xx_HAL_Driver/Src/stm32f1xx_ll_exti.o
                                      0x54e5d (size before relaxing)
 .debug_str     0x000000000005d911      0x3ba ./Drivers/STM32F1xx_HAL_Driver/Src/stm32f1xx_ll_gpio.o
                                      0x5607b (size before relaxing)
 .debug_str     0x000000000005dccb      0x327 ./Drivers/STM32F1xx_HAL_Driver/Src/stm32f1xx_ll_rcc.o
                                      0x55c02 (size before relaxing)
 .debug_str     0x000000000005dff2     0x12bf ./Drivers/STM32F1xx_HAL_Driver/Src/stm32f1xx_ll_tim.o
                                      0x58dd4 (size before relaxing)
 .debug_str     0x000000000005f2b1      0x7cf ./Drivers/STM32F1xx_HAL_Driver/Src/stm32f1xx_ll_usart.o
                                      0x57483 (size before relaxing)
 .debug_str     0x000000000005fa80      0xaa5 ./Drivers/STM32F1xx_HAL_Driver/Src/stm32f1xx_ll_utils.o
                                      0x568f7 (size before relaxing)

.debug_frame    0x0000000000000000     0x1ccc
 .debug_frame   0x0000000000000000      0x834 ./Core/Src/main.o
 .debug_frame   0x0000000000000834      0x230 ./Core/Src/stm32f1xx_it.o
 .debug_frame   0x0000000000000a64       0x58 ./Core/Src/system_stm32f1xx.o
 .debug_frame   0x0000000000000abc      0x1bc ./Drivers/STM32F1xx_HAL_Driver/Src/stm32f1xx_ll_exti.o
 .debug_frame   0x0000000000000c78      0x170 ./Drivers/STM32F1xx_HAL_Driver/Src/stm32f1xx_ll_gpio.o
 .debug_frame   0x0000000000000de8      0x34c ./Drivers/STM32F1xx_HAL_Driver/Src/stm32f1xx_ll_rcc.o
 .debug_frame   0x0000000000001134      0x538 ./Drivers/STM32F1xx_HAL_Driver/Src/stm32f1xx_ll_tim.o
 .debug_frame   0x000000000000166c      0x234 ./Drivers/STM32F1xx_HAL_Driver/Src/stm32f1xx_ll_usart.o
 .debug_frame   0x00000000000018a0      0x400 ./Drivers/STM32F1xx_HAL_Driver/Src/stm32f1xx_ll_utils.o
 .debug_frame   0x0000000000001ca0       0x2c C:/ST/STM32CubeIDE_1.14.0/STM32CubeIDE/plugins/com.st.stm32cube.ide.mcu.externaltools.gnu-tools-for-stm32.11.3.rel1.win32_1.1.100.202309141235/tools/bin/../lib/gcc/arm-none-eabi/11.3.1/../../../../arm-none-eabi/lib/thumb/v7-m/nofp\libc_nano.a(libc_a-init.o)

.debug_line_str
                0x0000000000000000       0x76
 .debug_line_str
                0x0000000000000000       0x76 ./Core/Startup/startup_stm32f103rbtx.o
                                         0x8e (size before relaxing)
